Using Spark's default log4j profile: org/apache/spark/log4j2-defaults.properties
26/09/24 04:44:12 INFO SparkContext: Running Spark version 3.5.3
26/09/24 04:44:12 INFO SparkContext: OS info Windows 11, 10.0, amd64
26/09/24 04:44:12 INFO SparkContext: Java version 1.8.0_491
26/09/24 04:44:12 WARN NativeCodeLoader: Unable to load native-hadoop library for your platform... using builtin-java classes where applicable
26/09/24 04:44:12 INFO ResourceUtils: ==============================================================
26/09/24 04:44:12 INFO ResourceUtils: No custom resources configured for spark.driver.
26/09/24 04:44:12 INFO ResourceUtils: ==============================================================
26/09/24 04:44:12 INFO SparkContext: Submitted application: sentinel-forge-run
26/09/24 04:44:12 INFO ResourceProfile: Default ResourceProfile created, executor resources: Map(cores -> name: cores, amount: 1, script: , vendor: , memory -> name: memory, amount: 1024, script: , vendor: , offHeap -> name: offHeap, amount: 0, script: , vendor: ), task resources: Map(cpus -> name: cpus, amount: 1.0)
26/09/24 04:44:12 INFO ResourceProfile: Limiting resource is cpu
26/09/24 04:44:12 INFO ResourceProfileManager: Added ResourceProfile id: 0
26/09/24 04:44:12 INFO SecurityManager: Changing view acls to: likhi
26/09/24 04:44:12 INFO SecurityManager: Changing modify acls to: likhi
26/09/24 04:44:12 INFO SecurityManager: Changing view acls groups to: 
26/09/24 04:44:12 INFO SecurityManager: Changing modify acls groups to: 
26/09/24 04:44:12 INFO SecurityManager: SecurityManager: authentication disabled; ui acls disabled; users with view permissions: likhi; groups with view permissions: EMPTY; users with modify permissions: likhi; groups with modify permissions: EMPTY
26/09/24 04:44:14 INFO Utils: Successfully started service 'sparkDriver' on port 53561.
26/09/24 04:44:14 INFO SparkEnv: Registering MapOutputTracker
26/09/24 04:44:14 INFO SparkEnv: Registering BlockManagerMaster
26/09/24 04:44:14 INFO BlockManagerMasterEndpoint: Using org.apache.spark.storage.DefaultTopologyMapper for getting topology information
26/09/24 04:44:14 INFO BlockManagerMasterEndpoint: BlockManagerMasterEndpoint up
26/09/24 04:44:14 INFO SparkEnv: Registering BlockManagerMasterHeartbeat
26/09/24 04:44:15 INFO DiskBlockManager: Created local directory at C:\Users\likhi\AppData\Local\Temp\blockmgr-6223cf04-4474-4205-b059-ebed225e7f80
26/09/24 04:44:15 INFO MemoryStore: MemoryStore started with capacity 912.3 MiB
26/09/24 04:44:15 INFO SparkEnv: Registering OutputCommitCoordinator
26/09/24 04:44:15 INFO Executor: Starting executor ID driver on host 192.168.25.70
26/09/24 04:44:15 INFO Executor: OS info Windows 11, 10.0, amd64
26/09/24 04:44:15 INFO Executor: Java version 1.8.0_491
26/09/24 04:44:15 INFO Executor: Starting executor with user classpath (userClassPathFirst = false): ''
26/09/24 04:44:15 INFO Executor: Created or updated repl class loader org.apache.spark.util.MutableURLClassLoader@378cfecf for default.
26/09/24 04:44:15 INFO Utils: Successfully started service 'org.apache.spark.network.netty.NettyBlockTransferService' on port 53596.
26/09/24 04:44:15 INFO NettyBlockTransferService: Server created on 192.168.25.70:53596
26/09/24 04:44:15 INFO BlockManager: Using org.apache.spark.storage.RandomBlockReplicationPolicy for block replication policy
26/09/24 04:44:15 INFO BlockManagerMaster: Registering BlockManager BlockManagerId(driver, 192.168.25.70, 53596, None)
26/09/24 04:44:15 INFO BlockManagerMasterEndpoint: Registering block manager 192.168.25.70:53596 with 912.3 MiB RAM, BlockManagerId(driver, 192.168.25.70, 53596, None)
26/09/24 04:44:15 INFO BlockManagerMaster: Registered BlockManager BlockManagerId(driver, 192.168.25.70, 53596, None)
26/09/24 04:44:15 INFO BlockManager: Initialized BlockManager: BlockManagerId(driver, 192.168.25.70, 53596, None)
